Archive member included to satisfy reference by file (symbol)

/home/isy0616/edk2/Build/MyLoaderPkg/X64/DEBUG_GCC5/X64/MyLoaderPkg/loader/OUTPUT/loader.lib(loader.obj)
                              (--whole-archive)
/home/isy0616/edk2/Build/MyLoaderPkg/X64/DEBUG_GCC5/X64/MyLoaderPkg/loader/OUTPUT/loader.lib(relocate.obj)
                              (--whole-archive)
/home/isy0616/edk2/Build/MyLoaderPkg/X64/DEBUG_GCC5/X64/MyLoaderPkg/loader/OUTPUT/loader.lib(memory_map.obj)
                              (--whole-archive)
/home/isy0616/edk2/Build/MyLoaderPkg/X64/DEBUG_GCC5/X64/MyLoaderPkg/loader/OUTPUT/loader.lib(graphic.obj)
                              (--whole-archive)
/home/isy0616/edk2/Build/MyLoaderPkg/X64/DEBUG_GCC5/X64/MyLoaderPkg/loader/OUTPUT/loader.lib(file_loader.obj)
                              (--whole-archive)
/home/isy0616/edk2/Build/MyLoaderPkg/X64/DEBUG_GCC5/X64/MyLoaderPkg/loader/OUTPUT/loader.lib(AutoGen.obj)
                              (--whole-archive)
/home/isy0616/edk2/Build/MyLoaderPkg/X64/DEBUG_GCC5/X64/MdePkg/Library/RegisterFilterLibNull/RegisterFilterLibNull/OUTPUT/FilterLibNull.lib(RegisterFilterLibNull.obj)
                              (--whole-archive)
/home/isy0616/edk2/Build/MyLoaderPkg/X64/DEBUG_GCC5/X64/MdePkg/Library/BaseMemoryLib/BaseMemoryLib/OUTPUT/BaseMemoryLib.lib(SetMem.obj)
                              (--whole-archive)
/home/isy0616/edk2/Build/MyLoaderPkg/X64/DEBUG_GCC5/X64/MdePkg/Library/BaseMemoryLib/BaseMemoryLib/OUTPUT/BaseMemoryLib.lib(ScanMem64Wrapper.obj)
                              (--whole-archive)
/home/isy0616/edk2/Build/MyLoaderPkg/X64/DEBUG_GCC5/X64/MdePkg/Library/BaseMemoryLib/BaseMemoryLib/OUTPUT/BaseMemoryLib.lib(ScanMem32Wrapper.obj)
                              (--whole-archive)
/home/isy0616/edk2/Build/MyLoaderPkg/X64/DEBUG_GCC5/X64/MdePkg/Library/BaseMemoryLib/BaseMemoryLib/OUTPUT/BaseMemoryLib.lib(ScanMem16Wrapper.obj)
                              (--whole-archive)
/home/isy0616/edk2/Build/MyLoaderPkg/X64/DEBUG_GCC5/X64/MdePkg/Library/BaseMemoryLib/BaseMemoryLib/OUTPUT/BaseMemoryLib.lib(ScanMem8Wrapper.obj)
                              (--whole-archive)
/home/isy0616/edk2/Build/MyLoaderPkg/X64/DEBUG_GCC5/X64/MdePkg/Library/BaseMemoryLib/BaseMemoryLib/OUTPUT/BaseMemoryLib.lib(ZeroMemWrapper.obj)
                              (--whole-archive)
/home/isy0616/edk2/Build/MyLoaderPkg/X64/DEBUG_GCC5/X64/MdePkg/Library/BaseMemoryLib/BaseMemoryLib/OUTPUT/BaseMemoryLib.lib(CompareMemWrapper.obj)
                              (--whole-archive)
/home/isy0616/edk2/Build/MyLoaderPkg/X64/DEBUG_GCC5/X64/MdePkg/Library/BaseMemoryLib/BaseMemoryLib/OUTPUT/BaseMemoryLib.lib(SetMemNWrapper.obj)
                              (--whole-archive)
/home/isy0616/edk2/Build/MyLoaderPkg/X64/DEBUG_GCC5/X64/MdePkg/Library/BaseMemoryLib/BaseMemoryLib/OUTPUT/BaseMemoryLib.lib(SetMem64Wrapper.obj)
                              (--whole-archive)
/home/isy0616/edk2/Build/MyLoaderPkg/X64/DEBUG_GCC5/X64/MdePkg/Library/BaseMemoryLib/BaseMemoryLib/OUTPUT/BaseMemoryLib.lib(SetMem32Wrapper.obj)
                              (--whole-archive)
/home/isy0616/edk2/Build/MyLoaderPkg/X64/DEBUG_GCC5/X64/MdePkg/Library/BaseMemoryLib/BaseMemoryLib/OUTPUT/BaseMemoryLib.lib(SetMem16Wrapper.obj)
                              (--whole-archive)
/home/isy0616/edk2/Build/MyLoaderPkg/X64/DEBUG_GCC5/X64/MdePkg/Library/BaseMemoryLib/BaseMemoryLib/OUTPUT/BaseMemoryLib.lib(SetMemWrapper.obj)
                              (--whole-archive)
/home/isy0616/edk2/Build/MyLoaderPkg/X64/DEBUG_GCC5/X64/MdePkg/Library/BaseMemoryLib/BaseMemoryLib/OUTPUT/BaseMemoryLib.lib(CopyMemWrapper.obj)
                              (--whole-archive)
/home/isy0616/edk2/Build/MyLoaderPkg/X64/DEBUG_GCC5/X64/MdePkg/Library/BaseMemoryLib/BaseMemoryLib/OUTPUT/BaseMemoryLib.lib(IsZeroBufferWrapper.obj)
                              (--whole-archive)
/home/isy0616/edk2/Build/MyLoaderPkg/X64/DEBUG_GCC5/X64/MdePkg/Library/BaseMemoryLib/BaseMemoryLib/OUTPUT/BaseMemoryLib.lib(MemLibGeneric.obj)
                              (--whole-archive)
/home/isy0616/edk2/Build/MyLoaderPkg/X64/DEBUG_GCC5/X64/MdePkg/Library/BaseMemoryLib/BaseMemoryLib/OUTPUT/BaseMemoryLib.lib(MemLibGuid.obj)
                              (--whole-archive)
/home/isy0616/edk2/Build/MyLoaderPkg/X64/DEBUG_GCC5/X64/MdePkg/Library/BaseMemoryLib/BaseMemoryLib/OUTPUT/BaseMemoryLib.lib(CopyMem.obj)
                              (--whole-archive)
/home/isy0616/edk2/Build/MyLoaderPkg/X64/DEBUG_GCC5/X64/MdePkg/Library/BasePcdLibNull/BasePcdLibNull/OUTPUT/BasePcdLibNull.lib(PcdLib.obj)
                              (--whole-archive)
/home/isy0616/edk2/Build/MyLoaderPkg/X64/DEBUG_GCC5/X64/MdePkg/Library/BaseLib/BaseLib/OUTPUT/BaseLib.lib(CheckSum.obj)
                              (--whole-archive)
/home/isy0616/edk2/Build/MyLoaderPkg/X64/DEBUG_GCC5/X64/MdePkg/Library/BaseLib/BaseLib/OUTPUT/BaseLib.lib(SwitchStack.obj)
                              (--whole-archive)
[...]
Memory Configuration

Name             Origin             Length             Attributes
*default*        0x0000000000000000 0xffffffffffffffff

Linker script and memory map

START GROUP
LOAD /tmp/ccGhN8tc.ltrans0.ltrans.o
LOAD /tmp/ccGZklV5.debug.temp.o
LOAD /tmp/cc8EFKEH.debug.temp.o
LOAD /tmp/ccSxduF7.debug.temp.o
LOAD /tmp/ccDdjYfl.debug.temp.o
LOAD /tmp/cc6vZ8R9.debug.temp.o
LOAD /tmp/ccxcPCdU.debug.temp.o
LOAD /tmp/ccbkywOP.debug.temp.o
LOAD /tmp/ccFXGEdB.debug.temp.o
LOAD /tmp/ccAdciOa.debug.temp.o
LOAD /tmp/ccPt3zbl.debug.temp.o
LOAD /tmp/cc1OlIPf.debug.temp.o
LOAD /tmp/ccEcfrga.debug.temp.o
LOAD /tmp/ccT3AK1b.debug.temp.o
LOAD /tmp/ccQXIghw.debug.temp.o
LOAD /tmp/cckgYdOd.debug.temp.o
LOAD /tmp/ccaJ8CJs.debug.temp.o
LOAD /tmp/cctdthB6.debug.temp.o
LOAD /tmp/ccjaCOt8.debug.temp.o
LOAD /tmp/ccM7LcmW.debug.temp.o
LOAD /tmp/ccPbagtQ.debug.temp.o
LOAD /tmp/ccmlYZrb.debug.temp.o
LOAD /tmp/ccJDA8m9.debug.temp.o
LOAD /tmp/ccLcQpfR.debug.temp.o
LOAD /tmp/cc0IluQ9.debug.temp.o
LOAD /tmp/ccpGr8L2.debug.temp.o
LOAD /tmp/cc4iKlIC.debug.temp.o
LOAD /tmp/ccrpcjpn.debug.temp.o
LOAD /tmp/cczcmBx4.debug.temp.o
LOAD /tmp/cconH3AC.debug.temp.o
LOAD /tmp/ccfEskZH.debug.temp.o
LOAD /tmp/ccnzHmz2.debug.temp.o
LOAD /tmp/cc2kjxpD.debug.temp.o
LOAD /tmp/ccd75bKw.debug.temp.o
LOAD /tmp/ccftTLBp.debug.temp.o
LOAD /tmp/cchWhPOl.debug.temp.o
LOAD /tmp/ccfzR35a.debug.temp.o
LOAD /tmp/ccJAGwOY.debug.temp.o
LOAD /tmp/cc4nOcRg.debug.temp.o
LOAD /tmp/ccAP0iTv.debug.temp.o
LOAD /tmp/cctZppSq.debug.temp.o
LOAD /tmp/ccL5oin0.debug.temp.o
LOAD /tmp/cc9vUS0f.debug.temp.o
LOAD /tmp/ccxOXqO5.debug.temp.o
LOAD /tmp/ccF25IFu.debug.temp.o
LOAD /tmp/ccDhPqlt.debug.temp.o
LOAD /tmp/ccGtRToV.debug.temp.o
LOAD /tmp/cc4URMte.debug.temp.o
LOAD /tmp/ccauNoFd.debug.temp.o
LOAD /tmp/ccph2TKy.debug.temp.o
LOAD /tmp/ccG4RSSU.debug.temp.o
LOAD /tmp/ccXTPdv5.debug.temp.o
LOAD /tmp/cc3eRxNH.debug.temp.o
LOAD /tmp/ccFxQzAB.debug.temp.o
LOAD /tmp/cc2MIzPa.debug.temp.o
LOAD /tmp/ccL0hUkl.debug.temp.o
LOAD /tmp/ccVwUfzj.debug.temp.o
LOAD /tmp/ccyBim7u.debug.temp.o
LOAD /tmp/ccjVmLwE.debug.temp.o
LOAD /tmp/ccI8LuBx.debug.temp.o
LOAD /tmp/cc8bK2OJ.debug.temp.o
LOAD /tmp/ccpq1JbB.debug.temp.o
LOAD /tmp/cc5pJz5T.debug.temp.o
LOAD /tmp/ccEkFyhX.debug.temp.o
LOAD /tmp/ccFKdNgG.debug.temp.o
LOAD /tmp/cc5VvQti.debug.temp.o
LOAD /tmp/ccBgThrL.debug.temp.o
LOAD /tmp/ccMxooun.debug.temp.o
LOAD /tmp/ccULKDjN.debug.temp.o
LOAD /tmp/cct5lvGE.debug.temp.o
LOAD /tmp/ccWkjvip.debug.temp.o
LOAD /tmp/cc5bYNrw.debug.temp.o
LOAD /tmp/cc0CXvpg.debug.temp.o
LOAD /tmp/ccWDJ2gA.debug.temp.o
LOAD /tmp/ccAkKqxc.debug.temp.o
LOAD /tmp/ccA2MUBd.debug.temp.o
LOAD /tmp/ccyjEYL0.debug.temp.o
LOAD /tmp/ccN2Kba3.debug.temp.o
LOAD /tmp/ccm6GrXM.debug.temp.o
LOAD /tmp/cct6zQJE.debug.temp.o
LOAD /tmp/cclPpzLk.debug.temp.o
LOAD /tmp/ccHAKIgG.debug.temp.o
LOAD /tmp/ccjROk2b.debug.temp.o
LOAD /tmp/ccmxNKYG.debug.temp.o
LOAD /tmp/ccOGM6se.debug.temp.o
LOAD /tmp/ccc5cONY.debug.temp.o
LOAD /tmp/cc17hCkL.debug.temp.o
LOAD /tmp/ccy4bnp3.debug.temp.o
LOAD /tmp/ccLz5gwe.debug.temp.o
LOAD /tmp/ccGlAHiz.debug.temp.o
LOAD /tmp/ccKK8ODY.debug.temp.o
LOAD /tmp/ccuoVNdQ.debug.temp.o
LOAD /tmp/ccRawPQj.debug.temp.o
LOAD /tmp/ccftMDPs.debug.temp.o
LOAD /tmp/cclFrwqg.debug.temp.o
LOAD /tmp/ccoZHxu1.debug.temp.o
LOAD /tmp/ccLR4XST.debug.temp.o
LOAD /tmp/ccAOtzoI.debug.temp.o
LOAD /tmp/ccnWkhUO.debug.temp.o
LOAD /tmp/ccrvj3N3.debug.temp.o
LOAD /tmp/cccF8wcp.debug.temp.o
LOAD /tmp/ccee5lxu.debug.temp.o
LOAD /tmp/ccr0vYHc.debug.temp.o
LOAD /tmp/ccE2WLXS.debug.temp.o
LOAD /tmp/cc7oUTOC.debug.temp.o
LOAD /home/isy0616/edk2/Build/MyLoaderPkg/X64/DEBUG_GCC5/X64/MyLoaderPkg/loader/OUTPUT/loader.lib
LOAD /home/isy0616/edk2/Build/MyLoaderPkg/X64/DEBUG_GCC5/X64/MdePkg/Library/RegisterFilterLibNull/RegisterFilterLibNull/OUTPUT/FilterLibNull.lib
LOAD /home/isy0616/edk2/Build/MyLoaderPkg/X64/DEBUG_GCC5/X64/MdePkg/Library/BaseMemoryLib/BaseMemoryLib/OUTPUT/BaseMemoryLib.lib
LOAD /home/isy0616/edk2/Build/MyLoaderPkg/X64/DEBUG_GCC5/X64/MdePkg/Library/BasePcdLibNull/BasePcdLibNull/OUTPUT/BasePcdLibNull.lib
LOAD /home/isy0616/edk2/Build/MyLoaderPkg/X64/DEBUG_GCC5/X64/MdePkg/Library/BaseLib/BaseLib/OUTPUT/BaseLib.lib
LOAD /home/isy0616/edk2/Build/MyLoaderPkg/X64/DEBUG_GCC5/X64/MdePkg/Library/BaseDebugPrintErrorLevelLib/BaseDebugPrintErrorLevelLib/OUTPUT/BaseDebugPrintErrorLevelLib.lib
LOAD /home/isy0616/edk2/Build/MyLoaderPkg/X64/DEBUG_GCC5/X64/MdePkg/Library/BasePrintLib/BasePrintLib/OUTPUT/BasePrintLib.lib
LOAD /home/isy0616/edk2/Build/MyLoaderPkg/X64/DEBUG_GCC5/X64/MdePkg/Library/UefiDebugLibConOut/UefiDebugLibConOut/OUTPUT/UefiDebugLibConOut.lib
LOAD /home/isy0616/edk2/Build/MyLoaderPkg/X64/DEBUG_GCC5/X64/MdePkg/Library/UefiBootServicesTableLib/UefiBootServicesTableLib/OUTPUT/UefiBootServicesTableLib.lib
LOAD /home/isy0616/edk2/Build/MyLoaderPkg/X64/DEBUG_GCC5/X64/MdePkg/Library/UefiMemoryAllocationLib/UefiMemoryAllocationLib/OUTPUT/UefiMemoryAllocationLib.lib
LOAD /home/isy0616/edk2/Build/MyLoaderPkg/X64/DEBUG_GCC5/X64/MdePkg/Library/UefiRuntimeServicesTableLib/UefiRuntimeServicesTableLib/OUTPUT/UefiRuntimeServicesTableLib.lib
LOAD /home/isy0616/edk2/Build/MyLoaderPkg/X64/DEBUG_GCC5/X64/MdePkg/Library/UefiDevicePathLib/UefiDevicePathLib/OUTPUT/UefiDevicePathLib.lib
LOAD /home/isy0616/edk2/Build/MyLoaderPkg/X64/DEBUG_GCC5/X64/MdePkg/Library/StackCheckLibNull/StackCheckLibNull/OUTPUT/StackCheckLibNull.lib
LOAD /home/isy0616/edk2/Build/MyLoaderPkg/X64/DEBUG_GCC5/X64/MdePkg/Library/UefiLib/UefiLib/OUTPUT/UefiLib.lib
LOAD /home/isy0616/edk2/Build/MyLoaderPkg/X64/DEBUG_GCC5/X64/MdePkg/Library/UefiApplicationEntryPoint/UefiApplicationEntryPoint/OUTPUT/UefiApplicationEntryPoint.lib
END GROUP
                0x0000000000000228                PECOFF_HEADER_SIZE = 0x228
                0x0000000000000228                . = PECOFF_HEADER_SIZE

.text           0x0000000000000240     0x375f
 *(.entry)
 *(.text .text.* .stub .gnu.linkonce.t.*)
 .text.AsciiStrnLenS
                0x0000000000000240       0x26 /tmp/ccGhN8tc.ltrans0.ltrans.o
 .text.BasePrintLibFillBuffer
                0x0000000000000266       0x2d /tmp/ccGhN8tc.ltrans0.ltrans.o
 .text.ExitBootServicesCallback
                0x0000000000000293        0xc /tmp/ccGhN8tc.ltrans0.ltrans.o
 .text.InternalAllocatePool.constprop.0
                0x000000000000029f       0x35 /tmp/ccGhN8tc.ltrans0.ltrans.o
 .text.BasePrintLibSPrint.constprop.0
                0x00000000000002d4       0x9b /tmp/ccGhN8tc.ltrans0.ltrans.o
 .text.BasePrintLibSPrintMarker.constprop.0
                0x000000000000036f      0xbb2 /tmp/ccGhN8tc.ltrans0.ltrans.o
 .text.UnicodeVSPrintAsciiFormat
                0x0000000000000f21       0x95 /tmp/ccGhN8tc.ltrans0.ltrans.o
 .text.CopyMem.part.0
                0x0000000000000fb6      0x202 /tmp/ccGhN8tc.ltrans0.ltrans.o
 .text.StrnLenS
                0x00000000000011b8       0x27 /tmp/ccGhN8tc.ltrans0.ltrans.o
 .text.AsciiStrLen
                0x00000000000011df        0xe /tmp/ccGhN8tc.ltrans0.ltrans.o
 .text.ReadUnaligned16
                0x00000000000011ed        0x4 /tmp/ccGhN8tc.ltrans0.ltrans.o
 .text.ReadUnaligned64
                0x00000000000011f1        0x4 /tmp/ccGhN8tc.ltrans0.ltrans.o
 .text.FreePool
                0x00000000000011f5        0xa /tmp/ccGhN8tc.ltrans0.ltrans.o
 .text.AsciiPrint.constprop.0
                0x00000000000011ff      0x111 /tmp/ccGhN8tc.ltrans0.ltrans.o
 .text.Print    0x0000000000001310      0x11c /tmp/ccGhN8tc.ltrans0.ltrans.o
 .text.AsciiSPrint.constprop.0
                0x000000000000142c       0xa3 /tmp/ccGhN8tc.ltrans0.ltrans.o
 .text.UefiMain
                0x00000000000014cf      0xf42 /tmp/ccGhN8tc.ltrans0.ltrans.o
 .text._ModuleEntryPoint
                0x0000000000002411       0x94 /tmp/ccGhN8tc.ltrans0.ltrans.o
                0x0000000000002411                _ModuleEntryPoint
 .text.__stack_chk_fail
                0x00000000000024a5        0x5 /home/isy0616/edk2/Build/MyLoaderPkg/X64/DEBUG_GCC5/X64/MdePkg/Library/StackCheckLibNull/StackCheckLibNull/OUTPUT/StackCheckLibNull.lib(StackCheckLibNullGcc.obj)
                0x00000000000024a5                __stack_chk_fail
 *(.rodata .rodata.* .gnu.linkonce.r.*)
 .rodata.BasePrintLibSPrintMarker.constprop.0.str1.1
                0x00000000000024aa       0x7b /tmp/ccGhN8tc.ltrans0.ltrans.o
 *fill*         0x0000000000002525        0x3 
 .rodata.BasePrintLibSPrintMarker.constprop.0
                0x0000000000002528       0xec /tmp/ccGhN8tc.ltrans0.ltrans.o
 .rodata.AsciiPrint.constprop.0.str1.1
                0x0000000000002614        0x3 /tmp/ccGhN8tc.ltrans0.ltrans.o
 .rodata.AsciiSPrint.constprop.0.str1.1
                0x0000000000002617       0x38 /tmp/ccGhN8tc.ltrans0.ltrans.o
 *fill*         0x000000000000264f        0x1 
 .rodata.UefiMain.str2.2
                0x0000000000002650      0xe2c /tmp/ccGhN8tc.ltrans0.ltrans.o
                                        0xe92 (size before relaxing)
 .rodata.UefiMain.str1.1
                0x000000000000347c       0xa8 /tmp/ccGhN8tc.ltrans0.ltrans.o
 *fill*         0x0000000000003524       0x1c 
 .rodata        0x0000000000003540       0x30 /tmp/ccGhN8tc.ltrans0.ltrans.o
 .rodata.UefiMain
                0x0000000000003570       0x5c /tmp/ccGhN8tc.ltrans0.ltrans.o
 *fill*         0x00000000000035cc        0x4 
 .rodata.mHexStr
                0x00000000000035d0       0x10 /tmp/ccGhN8tc.ltrans0.ltrans.o
 .rodata.mWarningString
                0x00000000000035e0       0xc8 /tmp/ccGhN8tc.ltrans0.ltrans.o
 *fill*         0x00000000000036a8       0x18 
 .rodata.mErrorString
                0x00000000000036c0      0x2df /tmp/ccGhN8tc.ltrans0.ltrans.o
 *(.got .got.*)
 .got           0x000000000000399f        0x0 loader.obj (symbol from plugin)
 .got.plt       0x000000000000399f        0x0 loader.obj (symbol from plugin)
 *:AutoGen.obj(.data.g*Guid)

.plt            0x00000000000039a0        0x0
 .plt           0x00000000000039a0        0x0 loader.obj (symbol from plugin)

.plt.got        0x00000000000039a0        0x0
 .plt.got       0x00000000000039a0        0x0 loader.obj (symbol from plugin)

.data           0x00000000000039c0       0x80
 *(.data .data.* .gnu.linkonce.d.*)
 .data.gEfiFileInfoGuid
                0x00000000000039c0       0x10 /tmp/ccGhN8tc.ltrans0.ltrans.o
 .data.gEfiSimpleFileSystemProtocolGuid
                0x00000000000039d0       0x10 /tmp/ccGhN8tc.ltrans0.ltrans.o
 .data.gEfiGraphicsOutputProtocolGuid
                0x00000000000039e0       0x10 /tmp/ccGhN8tc.ltrans0.ltrans.o
 .data.gEfiAcpiTableGuid
                0x00000000000039f0       0x10 /tmp/ccGhN8tc.ltrans0.ltrans.o
 .data.rel.ro   0x0000000000003a00        0x0 loader.obj (symbol from plugin)
 *(.bss .bss.*)
 .bss.gImageHandle
                0x0000000000003a00        0x8 /tmp/ccGhN8tc.ltrans0.ltrans.o
 .bss.gRT       0x0000000000003a08        0x8 /tmp/ccGhN8tc.ltrans0.ltrans.o
 .bss.mExitBootServicesEvent
                0x0000000000003a10        0x8 /tmp/ccGhN8tc.ltrans0.ltrans.o
 .bss.mDebugST  0x0000000000003a18        0x8 /tmp/ccGhN8tc.ltrans0.ltrans.o
 .bss.mPostEBS  0x0000000000003a20        0x1 /tmp/ccGhN8tc.ltrans0.ltrans.o
 *fill*         0x0000000000003a21        0x7 
 .bss.gST       0x0000000000003a28        0x8 /tmp/ccGhN8tc.ltrans0.ltrans.o
 .bss.gBS       0x0000000000003a30        0x8 /tmp/ccGhN8tc.ltrans0.ltrans.o
 .bss.__stack_chk_guard
                0x0000000000003a38        0x8 /home/isy0616/edk2/Build/MyLoaderPkg/X64/DEBUG_GCC5/X64/MdePkg/Library/StackCheckLibNull/StackCheckLibNull/OUTPUT/StackCheckLibNull.lib(StackCheckLibNullGcc.obj)
                0x0000000000003a38                __stack_chk_guard

.eh_frame       0x0000000000003a40        0x0
 *(.eh_frame)
 .eh_frame      0x0000000000003a40        0x0 loader.obj (symbol from plugin)
 .eh_frame      0x0000000000003a40        0x0 loader.obj (symbol from plugin)

.dynbss         0x0000000000003a40        0x0
 .dynbss        0x0000000000003a40        0x0 loader.obj (symbol from plugin)

.gnu.version_d  0x0000000000003a40        0x0
 .gnu.version_d
                0x0000000000003a40        0x0 loader.obj (symbol from plugin)

.gnu.version    0x0000000000003a40        0x0
 .gnu.version   0x0000000000003a40        0x0 loader.obj (symbol from plugin)

.gnu.version_r  0x0000000000003a40        0x0
 .gnu.version_r
                0x0000000000003a40        0x0 loader.obj (symbol from plugin)

.dynamic        0x0000000000003a40       0x90
 *(.dynamic)
 .dynamic       0x0000000000003a40       0x90 loader.obj (symbol from plugin)
                0x0000000000003a40                _DYNAMIC

.rela           0x0000000000003ad0        0x0
 *(.rela .rela.*)
 .rela.plt      0x0000000000003ad0        0x0 loader.obj (symbol from plugin)
 .rela.got      0x0000000000003ad0        0x0 loader.obj (symbol from plugin)
 .rela.bss      0x0000000000003ad0        0x0 loader.obj (symbol from plugin)
 .rela.data.rel.ro
                0x0000000000003ad0        0x0 loader.obj (symbol from plugin)
 .rela.ifunc    0x0000000000003ad0        0x0 loader.obj (symbol from plugin)

.hii
 *(.hii)

.got            0x0000000000003ad0        0x0
 *(.got)
                0x0000000000000001                ASSERT ((SIZEOF (.got) == 0x0), Unexpected GOT entries detected!)

.got.plt        0x0000000000003ad0        0x0
 *(.got.plt)
                0x0000000000000001                ASSERT ((((SIZEOF (.got.plt) == 0x0) || (SIZEOF (.got.plt) == 0xc)) || (SIZEOF (.got.plt) == 0x18)), Unexpected GOT/PLT entries detected!)

.build-id       0x0000000000003ad0       0x24
 *(.note.gnu.build-id)
 .note.gnu.build-id
                0x0000000000003ad0       0x24 loader.obj (symbol from plugin)

/DISCARD/
 *(.note.GNU-stack)
 *(.gnu_debuglink)
 *(.interp)
 *(.dynsym)
 *(.dynstr)
 *(.hash .gnu.hash)
 *(.comment)
OUTPUT(/home/isy0616/edk2/Build/MyLoaderPkg/X64/DEBUG_GCC5/X64/MyLoaderPkg/loader/DEBUG/loader.dll elf64-x86-64)

.debug_info     0x0000000000000000    0x1b673
 .debug_info    0x0000000000000000     0x2705 /tmp/ccGhN8tc.ltrans0.ltrans.o
 .debug_info    0x0000000000002705     0x1e26 /tmp/ccGZklV5.debug.temp.o
                0x0000000000002705                loader.c.9b9bdc73
 .debug_info    0x000000000000452b     0x114f /tmp/cc8EFKEH.debug.temp.o
                0x000000000000452b                relocate.c.1ca4b54d
 .debug_info    0x000000000000567a     0x1320 /tmp/ccSxduF7.debug.temp.o
                0x000000000000567a                memory_map.c.b02aeeee
 .debug_info    0x000000000000699a     0x1400 /tmp/ccDdjYfl.debug.temp.o
                0x000000000000699a                graphic.c.1289b2ac
 .debug_info    0x0000000000007d9a     0x13c4 /tmp/cc6vZ8R9.debug.temp.o
                0x0000000000007d9a                file_loader.c.b4572afa
 .debug_info    0x000000000000915e     0x1cde /tmp/ccxcPCdU.debug.temp.o
                0x000000000000915e                AutoGen.c.cbea8ddf
 .debug_info    0x000000000000ae3c      0x136 /tmp/ccFXGEdB.debug.temp.o
                0x000000000000ae3c                SetMem.c.ba9acbb5
 .debug_info    0x000000000000af72      0x11f /tmp/ccM7LcmW.debug.temp.o
                0x000000000000af72                SetMemWrapper.c.20e562f3
 .debug_info    0x000000000000b091      0x119 /tmp/ccPbagtQ.debug.temp.o
                0x000000000000b091                CopyMemWrapper.c.39fbff91
 .debug_info    0x000000000000b1aa      0x273 /tmp/ccLcQpfR.debug.temp.o
                0x000000000000b1aa                MemLibGuid.c.1184ce96
 .debug_info    0x000000000000b41d      0x154 /tmp/cc0IluQ9.debug.temp.o
                0x000000000000b41d                CopyMem.c.86d1cb76
 .debug_info    0x000000000000b571      0x1a7 /tmp/cc2kjxpD.debug.temp.o
                0x000000000000b571                SetJump.c.524ec572
 .debug_info    0x000000000000b718       0xa8 /tmp/ccVwUfzj.debug.temp.o
                0x000000000000b718                CpuDeadLoop.c.77019d94
 .debug_info    0x000000000000b7c0     0x1098 /tmp/ccI8LuBx.debug.temp.o
                0x000000000000b7c0                SafeString.c.e97a70f9
 .debug_info    0x000000000000c858      0x809 /tmp/cc8bK2OJ.debug.temp.o
                0x000000000000c858                String.c.f3513627
 .debug_info    0x000000000000d061      0x228 /tmp/cc5VvQti.debug.temp.o
                0x000000000000d061                Unaligned.c.3ec01b08
 .debug_info    0x000000000000d289      0x764 /tmp/cc17hCkL.debug.temp.o
                0x000000000000d289                PrintLibInternal.c.66a3501a
 .debug_info    0x000000000000d9ed      0x588 /tmp/ccy4bnp3.debug.temp.o
                0x000000000000d9ed                PrintLib.c.9f6d2317
 .debug_info    0x000000000000df75     0x19b1 /tmp/ccLz5gwe.debug.temp.o
                0x000000000000df75                DebugLib.c.be1952de
 .debug_info    0x000000000000f926     0x177c /tmp/ccGlAHiz.debug.temp.o
                0x000000000000f926                DebugLibConstructor.c.b41174eb
 .debug_info    0x00000000000110a2     0x1787 /tmp/ccKK8ODY.debug.temp.o
                0x00000000000110a2                UefiBootServicesTableLib.c.e8a1837e
 .debug_info    0x0000000000012829     0x1366 /tmp/ccuoVNdQ.debug.temp.o
                0x0000000000012829                MemoryAllocationLib.c.271959f4
 .debug_info    0x0000000000013b8f     0x175e /tmp/ccRawPQj.debug.temp.o
                0x0000000000013b8f                UefiRuntimeServicesTableLib.c.2458fcdc
 .debug_info    0x00000000000152ed     0x2532 /tmp/ccnWkhUO.debug.temp.o
                0x00000000000152ed                UefiLibPrint.c.26d06dc1
 .debug_info    0x000000000001781f     0x25bc /tmp/ccr0vYHc.debug.temp.o
                0x000000000001781f                UefiLib.c.3042ad6b
 .debug_info    0x0000000000019ddb     0x17d7 /tmp/cc7oUTOC.debug.temp.o
                0x0000000000019ddb                ApplicationEntryPoint.c.81c9b3ba
 .debug_info    0x000000000001b5b2       0xc1 /home/isy0616/edk2/Build/MyLoaderPkg/X64/DEBUG_GCC5/X64/MdePkg/Library/StackCheckLibNull/StackCheckLibNull/OUTPUT/StackCheckLibNull.lib(StackCheckLibNullGcc.obj)

.debug_abbrev   0x0000000000000000     0x2f4b
 .debug_abbrev  0x0000000000000000      0x27d /tmp/ccGhN8tc.ltrans0.ltrans.o
 .debug_abbrev  0x000000000000027d      0x274 /tmp/ccGZklV5.debug.temp.o
 .debug_abbrev  0x00000000000004f1      0x1ee /tmp/cc8EFKEH.debug.temp.o
 .debug_abbrev  0x00000000000006df      0x203 /tmp/ccSxduF7.debug.temp.o
 .debug_abbrev  0x00000000000008e2      0x264 /tmp/ccDdjYfl.debug.temp.o
 .debug_abbrev  0x0000000000000b46      0x202 /tmp/cc6vZ8R9.debug.temp.o
 .debug_abbrev  0x0000000000000d48      0x2f4 /tmp/ccxcPCdU.debug.temp.o
 .debug_abbrev  0x000000000000103c       0xa1 /tmp/ccFXGEdB.debug.temp.o
 .debug_abbrev  0x00000000000010dd       0xb8 /tmp/ccM7LcmW.debug.temp.o
 .debug_abbrev  0x0000000000001195       0xbe /tmp/ccPbagtQ.debug.temp.o
 .debug_abbrev  0x0000000000001253      0x107 /tmp/ccLcQpfR.debug.temp.o
 .debug_abbrev  0x000000000000135a       0x8f /tmp/cc0IluQ9.debug.temp.o
 .debug_abbrev  0x00000000000013e9       0xe0 /tmp/cc2kjxpD.debug.temp.o
 .debug_abbrev  0x00000000000014c9       0x71 /tmp/ccVwUfzj.debug.temp.o
 .debug_abbrev  0x000000000000153a      0x1c7 /tmp/ccI8LuBx.debug.temp.o
 .debug_abbrev  0x0000000000001701      0x157 /tmp/cc8bK2OJ.debug.temp.o
 .debug_abbrev  0x0000000000001858       0xb6 /tmp/cc5VvQti.debug.temp.o
 .debug_abbrev  0x000000000000190e      0x19f /tmp/cc17hCkL.debug.temp.o
 .debug_abbrev  0x0000000000001aad      0x15a /tmp/ccy4bnp3.debug.temp.o
 .debug_abbrev  0x0000000000001c07      0x287 /tmp/ccLz5gwe.debug.temp.o
 .debug_abbrev  0x0000000000001e8e      0x1d5 /tmp/ccGlAHiz.debug.temp.o
 .debug_abbrev  0x0000000000002063      0x20a /tmp/ccKK8ODY.debug.temp.o
 .debug_abbrev  0x000000000000226d      0x274 /tmp/ccuoVNdQ.debug.temp.o
 .debug_abbrev  0x00000000000024e1      0x1da /tmp/ccRawPQj.debug.temp.o
 .debug_abbrev  0x00000000000026bb      0x300 /tmp/ccnWkhUO.debug.temp.o
 .debug_abbrev  0x00000000000029bb      0x2e9 /tmp/ccr0vYHc.debug.temp.o
 .debug_abbrev  0x0000000000002ca4      0x22b /tmp/cc7oUTOC.debug.temp.o
 .debug_abbrev  0x0000000000002ecf       0x7c /home/isy0616/edk2/Build/MyLoaderPkg/X64/DEBUG_GCC5/X64/MdePkg/Library/StackCheckLibNull/StackCheckLibNull/OUTPUT/StackCheckLibNull.lib(StackCheckLibNullGcc.obj)

.debug_loclists
                0x0000000000000000     0x27fd
 .debug_loclists
                0x0000000000000000     0x27fd /tmp/ccGhN8tc.ltrans0.ltrans.o

.debug_aranges  0x0000000000000000      0x1e0
 .debug_aranges
                0x0000000000000000      0x1b0 /tmp/ccGhN8tc.ltrans0.ltrans.o
 .debug_aranges
                0x00000000000001b0       0x30 /home/isy0616/edk2/Build/MyLoaderPkg/X64/DEBUG_GCC5/X64/MdePkg/Library/StackCheckLibNull/StackCheckLibNull/OUTPUT/StackCheckLibNull.lib(StackCheckLibNullGcc.obj)

.debug_rnglists
                0x0000000000000000      0x3b3
 .debug_rnglists
                0x0000000000000000      0x39c /tmp/ccGhN8tc.ltrans0.ltrans.o
 .debug_rnglists
                0x000000000000039c       0x17 /home/isy0616/edk2/Build/MyLoaderPkg/X64/DEBUG_GCC5/X64/MdePkg/Library/StackCheckLibNull/StackCheckLibNull/OUTPUT/StackCheckLibNull.lib(StackCheckLibNullGcc.obj)

.debug_line     0x0000000000000000     0x2529
 .debug_line    0x0000000000000000     0x18d0 /tmp/ccGhN8tc.ltrans0.ltrans.o
 .debug_line    0x00000000000018d0       0xa7 /tmp/ccGZklV5.debug.temp.o
 .debug_line    0x0000000000001977       0x98 /tmp/cc8EFKEH.debug.temp.o
 .debug_line    0x0000000000001a0f       0x93 /tmp/ccSxduF7.debug.temp.o
 .debug_line    0x0000000000001aa2       0x98 /tmp/ccDdjYfl.debug.temp.o
 .debug_line    0x0000000000001b3a       0x92 /tmp/cc6vZ8R9.debug.temp.o
 .debug_line    0x0000000000001bcc       0x93 /tmp/ccxcPCdU.debug.temp.o
 .debug_line    0x0000000000001c5f       0x4c /tmp/ccFXGEdB.debug.temp.o
 .debug_line    0x0000000000001cab       0x51 /tmp/ccM7LcmW.debug.temp.o
 .debug_line    0x0000000000001cfc       0x51 /tmp/ccPbagtQ.debug.temp.o
 .debug_line    0x0000000000001d4d       0x5a /tmp/ccLcQpfR.debug.temp.o
 .debug_line    0x0000000000001da7       0x43 /tmp/cc0IluQ9.debug.temp.o
 .debug_line    0x0000000000001dea       0x51 /tmp/cc2kjxpD.debug.temp.o
 .debug_line    0x0000000000001e3b       0x4c /tmp/ccVwUfzj.debug.temp.o
 .debug_line    0x0000000000001e87       0x6d /tmp/ccI8LuBx.debug.temp.o
 .debug_line    0x0000000000001ef4       0x63 /tmp/cc8bK2OJ.debug.temp.o
 .debug_line    0x0000000000001f57       0x51 /tmp/cc5VvQti.debug.temp.o
 .debug_line    0x0000000000001fa8       0x68 /tmp/cc17hCkL.debug.temp.o
 .debug_line    0x0000000000002010       0x5a /tmp/ccy4bnp3.debug.temp.o
 .debug_line    0x000000000000206a       0x93 /tmp/ccLz5gwe.debug.temp.o
 .debug_line    0x00000000000020fd       0x72 /tmp/ccGlAHiz.debug.temp.o
 .debug_line    0x000000000000216f       0x80 /tmp/ccKK8ODY.debug.temp.o
 .debug_line    0x00000000000021ef       0x7b /tmp/ccuoVNdQ.debug.temp.o
 .debug_line    0x000000000000226a       0x7b /tmp/ccRawPQj.debug.temp.o
 .debug_line    0x00000000000022e5       0xb6 /tmp/ccnWkhUO.debug.temp.o
 .debug_line    0x000000000000239b       0xac /tmp/ccr0vYHc.debug.temp.o
 .debug_line    0x0000000000002447       0x80 /tmp/cc7oUTOC.debug.temp.o
 .debug_line    0x00000000000024c7       0x62 /home/isy0616/edk2/Build/MyLoaderPkg/X64/DEBUG_GCC5/X64/MdePkg/Library/StackCheckLibNull/StackCheckLibNull/OUTPUT/StackCheckLibNull.lib(StackCheckLibNullGcc.obj)

.debug_str      0x0000000000000000     0x40ed
 .debug_str     0x0000000000000000      0x1b9 /tmp/ccGhN8tc.ltrans0.ltrans.o
                                        0x1dc (size before relaxing)
 .debug_str     0x00000000000001b9     0x14f3 /tmp/ccGZklV5.debug.temp.o
                                       0x16fa (size before relaxing)
 .debug_str     0x00000000000016ac      0x185 /tmp/cc8EFKEH.debug.temp.o
                                        0xeb6 (size before relaxing)
 .debug_str     0x0000000000001831      0x23d /tmp/ccSxduF7.debug.temp.o
                                        0xfae (size before relaxing)
 .debug_str     0x0000000000001a6e      0x425 /tmp/ccDdjYfl.debug.temp.o
                                       0x11ee (size before relaxing)
 .debug_str     0x0000000000001e93       0xaa /tmp/cc6vZ8R9.debug.temp.o
                                       0x1039 (size before relaxing)
 .debug_str     0x0000000000001f3d      0x7fa /tmp/ccxcPCdU.debug.temp.o
                                       0x1bbc (size before relaxing)
 .debug_str     0x0000000000002737       0x49 /tmp/ccFXGEdB.debug.temp.o
                                        0x265 (size before relaxing)
 .debug_str     0x0000000000002780      0x25b /tmp/ccM7LcmW.debug.temp.o
 .debug_str     0x0000000000002780       0x32 /tmp/ccPbagtQ.debug.temp.o
                                        0x269 (size before relaxing)
 .debug_str     0x00000000000027b2       0xc8 /tmp/ccLcQpfR.debug.temp.o
                                        0x340 (size before relaxing)
 .debug_str     0x000000000000287a       0x4d /tmp/cc0IluQ9.debug.temp.o
                                        0x28e (size before relaxing)
 .debug_str     0x00000000000028c7       0x42 /tmp/cc2kjxpD.debug.temp.o
                                        0x27b (size before relaxing)
 .debug_str     0x0000000000002909       0x29 /tmp/ccVwUfzj.debug.temp.o
                                        0x22a (size before relaxing)
 .debug_str     0x0000000000002932      0x3d8 /tmp/ccI8LuBx.debug.temp.o
                                        0x80a (size before relaxing)
 .debug_str     0x0000000000002d0a      0x1c1 /tmp/cc8bK2OJ.debug.temp.o
                                        0x6d4 (size before relaxing)
 .debug_str     0x0000000000002ecb       0x73 /tmp/cc5VvQti.debug.temp.o
                                        0x2d7 (size before relaxing)
 .debug_str     0x0000000000002f3e      0x25b /tmp/cc17hCkL.debug.temp.o
                                        0x644 (size before relaxing)
 .debug_str     0x0000000000003199      0x13b /tmp/ccy4bnp3.debug.temp.o
                                        0x442 (size before relaxing)
 .debug_str     0x00000000000032d4       0xbe /tmp/ccLz5gwe.debug.temp.o
                                       0x15a4 (size before relaxing)
 .debug_str     0x0000000000003392       0x30 /tmp/ccGlAHiz.debug.temp.o
                                       0x13c6 (size before relaxing)
 .debug_str     0x00000000000033c2     0x139f /tmp/ccKK8ODY.debug.temp.o
 .debug_str     0x00000000000033c2      0x22f /tmp/ccuoVNdQ.debug.temp.o
                                        0xfca (size before relaxing)
 .debug_str     0x00000000000035f1     0x1395 /tmp/ccRawPQj.debug.temp.o
 .debug_str     0x00000000000035f1      0x44c /tmp/ccnWkhUO.debug.temp.o
                                       0x1d0b (size before relaxing)
 .debug_str     0x0000000000003a3d      0x4a5 /tmp/ccr0vYHc.debug.temp.o
                                       0x1c61 (size before relaxing)
 .debug_str     0x0000000000003ee2       0x1a /tmp/cc7oUTOC.debug.temp.o
                                       0x13e3 (size before relaxing)
 .debug_str     0x0000000000003efc      0x1f1 /home/isy0616/edk2/Build/MyLoaderPkg/X64/DEBUG_GCC5/X64/MdePkg/Library/StackCheckLibNull/StackCheckLibNull/OUTPUT/StackCheckLibNull.lib(StackCheckLibNullGcc.obj)
                                        0x221 (size before relaxing)

.debug_line_str
                0x0000000000000000     0x1288
 .debug_line_str
                0x0000000000000000      0x29f /tmp/ccGhN8tc.ltrans0.ltrans.o
                                        0x466 (size before relaxing)
 .debug_line_str
                0x000000000000029f      0x16f /tmp/ccGZklV5.debug.temp.o
                                        0x293 (size before relaxing)
 .debug_line_str
                0x000000000000040e       0x8e /tmp/cc8EFKEH.debug.temp.o
                                        0x24b (size before relaxing)
 .debug_line_str
                0x000000000000049c       0x4a /tmp/ccSxduF7.debug.temp.o
                                        0x26b (size before relaxing)
 .debug_line_str
                0x00000000000004e6       0x3a /tmp/ccDdjYfl.debug.temp.o
                                        0x27f (size before relaxing)
 .debug_line_str
                0x0000000000000520       0x5f /tmp/cc6vZ8R9.debug.temp.o
                                        0x287 (size before relaxing)
 .debug_line_str
                0x000000000000057f       0x8b /tmp/ccxcPCdU.debug.temp.o
                                        0x2af (size before relaxing)
 .debug_line_str
                0x000000000000060a       0x9c /tmp/ccFXGEdB.debug.temp.o
                                        0x13f (size before relaxing)
 .debug_line_str
                0x00000000000006a6       0x52 /tmp/ccM7LcmW.debug.temp.o
                                        0x160 (size before relaxing)
 .debug_line_str
                0x00000000000006f8       0x41 /tmp/ccPbagtQ.debug.temp.o
                                        0x162 (size before relaxing)
 .debug_line_str
                0x0000000000000739       0x3d /tmp/ccLcQpfR.debug.temp.o
                                        0x17b (size before relaxing)
 .debug_line_str
                0x0000000000000776       0x3a /tmp/cc0IluQ9.debug.temp.o
                                        0x10d (size before relaxing)
 .debug_line_str
                0x00000000000007b0       0x8b /tmp/cc2kjxpD.debug.temp.o
                                        0x134 (size before relaxing)
 .debug_line_str
                0x000000000000083b       0x38 /tmp/ccVwUfzj.debug.temp.o
                                        0x131 (size before relaxing)
 .debug_line_str
                0x0000000000000873       0xa7 /tmp/ccI8LuBx.debug.temp.o
                                        0x1ed (size before relaxing)
 .debug_line_str
                0x000000000000091a       0x33 /tmp/cc8bK2OJ.debug.temp.o
                                        0x1c2 (size before relaxing)
 .debug_line_str
                0x000000000000094d       0x36 /tmp/cc5VvQti.debug.temp.o
                                        0x138 (size before relaxing)
 .debug_line_str
                0x0000000000000983      0x11d /tmp/cc17hCkL.debug.temp.o
                                        0x207 (size before relaxing)
 .debug_line_str
                0x0000000000000aa0       0x3a /tmp/ccy4bnp3.debug.temp.o
                                        0x17c (size before relaxing)
 .debug_line_str
                0x0000000000000ada      0x13a /tmp/ccLz5gwe.debug.temp.o
                                        0x2db (size before relaxing)
 .debug_line_str
                0x0000000000000c14       0x4b /tmp/ccGlAHiz.debug.temp.o
                                        0x20b (size before relaxing)
 .debug_line_str
                0x0000000000000c5f       0xcf /tmp/ccKK8ODY.debug.temp.o
                                        0x27d (size before relaxing)
 .debug_line_str
                0x0000000000000d2e       0xc7 /tmp/ccuoVNdQ.debug.temp.o
                                        0x260 (size before relaxing)
 .debug_line_str
                0x0000000000000df5       0xdb /tmp/ccRawPQj.debug.temp.o
                                        0x274 (size before relaxing)
 .debug_line_str
                0x0000000000000ed0      0x12d /tmp/ccnWkhUO.debug.temp.o
                                        0x314 (size before relaxing)
 .debug_line_str
                0x0000000000000ffd       0x62 /tmp/ccr0vYHc.debug.temp.o
                                        0x2f9 (size before relaxing)
 .debug_line_str
                0x000000000000105f       0xcf /tmp/cc7oUTOC.debug.temp.o
                                        0x28c (size before relaxing)
 .debug_line_str
                0x000000000000112e      0x15a /home/isy0616/edk2/Build/MyLoaderPkg/X64/DEBUG_GCC5/X64/MdePkg/Library/StackCheckLibNull/StackCheckLibNull/OUTPUT/StackCheckLibNull.lib(StackCheckLibNullGcc.obj)
                                        0x1f3 (size before relaxing)

.debug_frame    0x0000000000000000      0x548
 .debug_frame   0x0000000000000000      0x518 /tmp/ccGhN8tc.ltrans0.ltrans.o
 .debug_frame   0x0000000000000518       0x30 /home/isy0616/edk2/Build/MyLoaderPkg/X64/DEBUG_GCC5/X64/MdePkg/Library/StackCheckLibNull/StackCheckLibNull/OUTPUT/StackCheckLibNull.lib(StackCheckLibNullGcc.obj)
